mode: atomic
wn/internal/domain/enum/email_code.go:10.42,12.2 1 2
wn/internal/domain/entity/note.go:21.33,23.2 1 1
wn/internal/domain/entity/note.go:30.45,32.2 1 1
wn/internal/domain/entity/note.go:55.63,56.21 1 2
wn/internal/domain/entity/note.go:56.21,58.17 2 1
wn/internal/domain/entity/note.go:58.17,60.4 1 0
wn/internal/domain/entity/note.go:61.3,61.31 1 1
wn/internal/domain/entity/note.go:64.2,64.19 1 2
wn/internal/domain/entity/note.go:64.19,66.17 2 1
wn/internal/domain/entity/note.go:66.17,68.4 1 0
wn/internal/domain/entity/note.go:69.3,69.27 1 1
wn/internal/domain/entity/note.go:72.2,72.12 1 2
wn/internal/domain/entity/note.go:76.63,77.21 1 2
wn/internal/domain/entity/note.go:77.21,79.17 2 1
wn/internal/domain/entity/note.go:79.17,81.4 1 0
wn/internal/domain/entity/note.go:82.3,82.31 1 1
wn/internal/domain/entity/note.go:85.2,85.19 1 2
wn/internal/domain/entity/note.go:85.19,87.17 2 1
wn/internal/domain/entity/note.go:87.17,89.4 1 0
wn/internal/domain/entity/note.go:90.3,90.27 1 1
wn/internal/domain/entity/note.go:93.2,93.12 1 2
wn/internal/domain/events/layout.go:14.64,20.2 2 1
wn/internal/domain/events/layout.go:26.64,32.2 2 1
wn/internal/domain/events/notes.go:15.62,21.2 2 1
wn/internal/domain/events/notes.go:27.62,33.2 2 1
wn/internal/domain/events/notes.go:39.62,45.2 2 1
wn/internal/domain/events/notes.go:52.60,58.2 2 1
wn/internal/domain/events/notes.go:64.70,70.2 2 1
wn/internal/domain/events/notes.go:76.62,82.2 2 1
wn/internal/domain/dto/note.go:23.76,26.32 3 1
wn/internal/domain/dto/note.go:26.32,38.3 1 2
wn/internal/domain/dto/note.go:39.2,39.15 1 1
wn/internal/domain/dto/note.go:42.100,45.32 3 1
wn/internal/domain/dto/note.go:45.32,61.3 1 1
wn/internal/domain/dto/note.go:62.2,62.15 1 1
wn/internal/domain/dto/note.go:65.97,68.29 3 3
wn/internal/domain/dto/note.go:68.29,71.3 2 3
wn/internal/domain/dto/note.go:72.2,72.16 1 3
wn/internal/domain/dto/permissions.go:29.61,39.2 1 1
wn/internal/domain/dto/user.go:19.51,28.2 1 1
wn/internal/domain/services/crypto/service.go:20.48,26.2 2 19
wn/internal/domain/services/crypto/service.go:29.63,30.21 1 16
wn/internal/domain/services/crypto/service.go:30.21,32.3 1 1
wn/internal/domain/services/crypto/service.go:34.2,35.16 2 15
wn/internal/domain/services/crypto/service.go:35.16,37.3 1 0
wn/internal/domain/services/crypto/service.go:39.2,40.16 2 15
wn/internal/domain/services/crypto/service.go:40.16,42.3 1 0
wn/internal/domain/services/crypto/service.go:44.2,45.59 2 15
wn/internal/domain/services/crypto/service.go:45.59,47.3 1 0
wn/internal/domain/services/crypto/service.go:49.2,50.59 2 15
wn/internal/domain/services/crypto/service.go:54.67,55.25 1 19
wn/internal/domain/services/crypto/service.go:55.25,57.3 1 1
wn/internal/domain/services/crypto/service.go:59.2,60.16 2 18
wn/internal/domain/services/crypto/service.go:60.16,62.3 1 3
wn/internal/domain/services/crypto/service.go:64.2,65.16 2 15
wn/internal/domain/services/crypto/service.go:65.16,67.3 1 0
wn/internal/domain/services/crypto/service.go:69.2,70.16 2 15
wn/internal/domain/services/crypto/service.go:70.16,72.3 1 0
wn/internal/domain/services/crypto/service.go:74.2,75.33 2 15
wn/internal/domain/services/crypto/service.go:75.33,77.3 1 1
wn/internal/domain/services/crypto/service.go:79.2,81.16 3 14
wn/internal/domain/services/crypto/service.go:81.16,83.3 1 3
wn/internal/domain/services/crypto/service.go:85.2,85.31 1 11
wn/internal/domain/services/file/service.go:32.67,37.2 1 0
wn/internal/domain/services/file/service.go:39.64,41.16 2 0
wn/internal/domain/services/file/service.go:41.16,43.3 1 0
wn/internal/domain/services/file/service.go:45.2,45.29 1 0
wn/internal/domain/services/file/service.go:45.29,47.3 1 0
wn/internal/domain/services/file/service.go:48.2,48.12 1 0
wn/internal/domain/services/file/service.go:51.97,55.16 4 0
wn/internal/domain/services/file/service.go:55.16,57.3 1 0
wn/internal/domain/services/file/service.go:58.2,59.16 2 0
wn/internal/domain/services/file/service.go:59.16,61.3 1 0
wn/internal/domain/services/file/service.go:62.2,67.32 2 0
wn/internal/domain/services/file/service.go:70.48,72.29 2 2
wn/internal/domain/services/file/service.go:72.29,74.3 1 1
wn/internal/domain/services/file/service.go:76.2,77.16 2 1
wn/internal/domain/services/file/service.go:77.16,79.3 1 0
wn/internal/domain/services/file/service.go:81.2,84.45 2 1
wn/internal/domain/services/file/service.go:84.46,86.3 0 0
wn/internal/domain/services/file/service.go:86.8,86.32 1 1
wn/internal/domain/services/file/service.go:86.32,88.3 1 0
wn/internal/domain/services/file/service.go:91.2,92.64 2 1
wn/internal/domain/services/file/service.go:92.64,94.3 1 0
wn/internal/domain/services/file/service.go:97.2,97.54 1 1
wn/internal/domain/services/file/service.go:97.54,99.3 1 0
wn/internal/domain/services/file/service.go:101.2,101.12 1 1
wn/internal/domain/services/file/service.go:104.67,106.16 2 1
wn/internal/domain/services/file/service.go:106.16,108.3 1 0
wn/internal/domain/services/file/service.go:109.2,111.16 3 1
wn/internal/domain/services/file/service.go:111.16,113.3 1 0
wn/internal/domain/services/file/service.go:114.2,115.25 2 1
wn/internal/domain/services/layout/service.go:73.12,84.2 1 3
wn/internal/domain/services/layout/service.go:86.127,96.2 2 1
wn/internal/domain/services/layout/service.go:98.94,102.16 2 0
wn/internal/domain/services/layout/service.go:102.16,104.3 1 0
wn/internal/domain/services/layout/service.go:106.2,107.25 2 0
wn/internal/domain/services/layout/service.go:107.25,109.3 1 0
wn/internal/domain/services/layout/service.go:111.2,111.65 1 0
wn/internal/domain/services/layout/service.go:111.65,114.17 2 0
wn/internal/domain/services/layout/service.go:114.17,116.4 1 0
wn/internal/domain/services/layout/service.go:118.3,119.17 2 0
wn/internal/domain/services/layout/service.go:119.17,121.4 1 0
wn/internal/domain/services/layout/service.go:123.3,124.17 2 0
wn/internal/domain/services/layout/service.go:124.17,126.4 1 0
wn/internal/domain/services/layout/service.go:128.3,129.17 2 0
wn/internal/domain/services/layout/service.go:129.17,131.4 1 0
wn/internal/domain/services/layout/service.go:133.3,134.17 2 0
wn/internal/domain/services/layout/service.go:134.17,136.4 1 0
wn/internal/domain/services/layout/service.go:138.3,138.13 1 0
wn/internal/domain/services/layout/service.go:142.102,144.16 2 1
wn/internal/domain/services/layout/service.go:144.16,146.3 1 0
wn/internal/domain/services/layout/service.go:148.2,151.16 2 1
wn/internal/domain/services/layout/service.go:151.16,153.3 1 0
wn/internal/domain/services/layout/service.go:155.2,156.29 2 1
wn/internal/domain/services/layout/service.go:156.29,158.3 1 1
wn/internal/domain/services/layout/service.go:160.2,161.32 2 1
wn/internal/domain/services/layout/service.go:161.32,170.9 3 1
wn/internal/domain/services/layout/service.go:170.9,172.4 1 1
wn/internal/domain/services/layout/service.go:173.3,173.29 1 1
wn/internal/domain/services/layout/service.go:176.2,176.20 1 1
wn/internal/domain/services/layout/service.go:179.101,181.16 2 1
wn/internal/domain/services/layout/service.go:181.16,183.3 1 0
wn/internal/domain/services/layout/service.go:184.2,184.21 1 1
wn/internal/domain/services/layout/service.go:184.21,186.3 1 1
wn/internal/domain/services/layout/service.go:187.2,187.12 1 0
wn/internal/domain/services/layout/service.go:190.99,192.16 2 0
wn/internal/domain/services/layout/service.go:192.16,194.3 1 0
wn/internal/domain/services/layout/service.go:195.2,201.28 6 0
wn/internal/domain/services/layout/service.go:201.28,202.26 1 0
wn/internal/domain/services/layout/service.go:202.26,203.12 1 0
wn/internal/domain/services/layout/service.go:206.3,207.17 2 0
wn/internal/domain/services/layout/service.go:207.17,209.4 1 0
wn/internal/domain/services/layout/service.go:210.3,218.38 3 0
wn/internal/domain/services/layout/service.go:220.2,223.16 2 0
wn/internal/domain/services/layout/service.go:223.16,225.3 1 0
wn/internal/domain/services/layout/service.go:227.2,228.22 2 0
wn/internal/domain/services/layout/service.go:228.22,230.3 1 0
wn/internal/domain/services/layout/service.go:232.2,232.21 1 0
wn/internal/domain/services/layout/service.go:235.102,237.65 2 0
wn/internal/domain/services/layout/service.go:237.65,238.26 1 0
wn/internal/domain/services/layout/service.go:238.26,239.57 1 0
wn/internal/domain/services/layout/service.go:239.57,240.13 1 0
wn/internal/domain/services/layout/service.go:242.4,243.18 2 0
wn/internal/domain/services/layout/service.go:243.18,246.5 1 0
wn/internal/domain/services/layout/service.go:249.3,249.34 1 0
wn/internal/domain/services/layout/service.go:249.34,250.39 1 0
wn/internal/domain/services/layout/service.go:250.39,251.13 1 0
wn/internal/domain/services/layout/service.go:253.4,261.18 2 0
wn/internal/domain/services/layout/service.go:261.18,263.5 1 0
wn/internal/domain/services/layout/service.go:265.4,265.42 1 0
wn/internal/domain/services/layout/service.go:265.42,267.19 2 0
wn/internal/domain/services/layout/service.go:267.19,269.6 1 0
wn/internal/domain/services/layout/service.go:273.3,273.34 1 0
wn/internal/domain/services/layout/service.go:273.34,274.39 1 0
wn/internal/domain/services/layout/service.go:274.39,275.13 1 0
wn/internal/domain/services/layout/service.go:277.4,277.42 1 0
wn/internal/domain/services/layout/service.go:277.42,278.44 1 0
wn/internal/domain/services/layout/service.go:278.44,280.20 2 0
wn/internal/domain/services/layout/service.go:280.20,282.7 1 0
wn/internal/domain/services/layout/service.go:287.3,287.38 1 0
wn/internal/domain/services/layout/service.go:287.38,298.18 2 0
wn/internal/domain/services/layout/service.go:298.18,300.5 1 0
wn/internal/domain/services/layout/service.go:302.3,302.13 1 0
wn/internal/domain/services/multyplayer/service.go:24.28,28.2 1 5
wn/internal/domain/services/multyplayer/service.go:34.68,39.43 3 6
wn/internal/domain/services/multyplayer/service.go:39.43,41.3 1 4
wn/internal/domain/services/multyplayer/service.go:44.2,44.32 1 6
wn/internal/domain/services/multyplayer/service.go:48.53,52.45 3 1
wn/internal/domain/services/multyplayer/service.go:52.45,56.21 2 1
wn/internal/domain/services/multyplayer/service.go:56.21,58.4 1 1
wn/internal/domain/services/multyplayer/service.go:67.79,72.13 4 3
wn/internal/domain/services/multyplayer/service.go:72.13,74.3 1 1
wn/internal/domain/services/multyplayer/service.go:76.2,80.29 3 2
wn/internal/domain/services/multyplayer/service.go:80.29,84.10 1 4
wn/internal/domain/services/multyplayer/service.go:85.29,85.29 0 3
wn/internal/domain/services/multyplayer/service.go:87.11,89.25 1 1
wn/internal/domain/services/multyplayer/service.go:89.25,91.5 1 1
wn/internal/domain/services/multyplayer/service.go:92.4,92.20 1 1
wn/internal/domain/services/multyplayer/service.go:97.2,97.20 1 2
wn/internal/domain/services/multyplayer/service.go:97.20,99.3 1 0
wn/internal/domain/services/multyplayer/service.go:101.2,101.16 1 2
wn/internal/domain/services/multyplayer/service.go:105.63,110.13 4 3
wn/internal/domain/services/multyplayer/service.go:110.13,112.3 1 1
wn/internal/domain/services/multyplayer/service.go:114.2,115.23 2 2
wn/internal/domain/services/multyplayer/service.go:115.23,117.3 1 2
wn/internal/domain/services/multyplayer/service.go:119.2,119.21 1 2
wn/internal/domain/services/multyplayer/service.go:123.50,129.2 4 2
wn/internal/application/note/service.go:62.12,71.2 1 0
wn/internal/application/note/service.go:73.135,74.119 1 0
wn/internal/application/note/service.go:74.119,77.3 2 0
wn/internal/application/note/service.go:79.2,80.16 2 0
wn/internal/application/note/service.go:80.16,82.3 1 0
wn/internal/application/note/service.go:84.2,85.16 2 0
wn/internal/application/note/service.go:85.16,87.3 1 0
wn/internal/application/note/service.go:89.2,94.16 2 0
wn/internal/application/note/service.go:97.104,98.115 1 0
wn/internal/application/note/service.go:98.115,101.3 2 0
wn/internal/application/note/service.go:103.2,104.16 2 0
wn/internal/application/note/service.go:104.16,106.3 1 0
wn/internal/application/note/service.go:108.2,109.16 2 0
wn/internal/application/note/service.go:109.16,111.3 1 0
wn/internal/application/note/service.go:113.2,117.12 2 0
wn/internal/application/note/service.go:120.107,121.115 1 0
wn/internal/application/note/service.go:121.115,124.3 2 0
wn/internal/application/note/service.go:126.2,127.16 2 0
wn/internal/application/note/service.go:127.16,129.3 1 0
wn/internal/application/note/service.go:131.2,132.16 2 0
wn/internal/application/note/service.go:132.16,134.3 1 0
wn/internal/application/note/service.go:136.2,140.12 2 0
wn/internal/application/note/service.go:143.139,144.120 1 0
wn/internal/application/note/service.go:144.120,147.3 2 0
wn/internal/application/note/service.go:148.2,148.84 1 0
wn/internal/application/note/service.go:151.160,152.120 1 0
wn/internal/application/note/service.go:152.120,155.3 2 0
wn/internal/application/note/service.go:157.2,160.34 3 0
wn/internal/application/note/service.go:160.34,162.17 2 0
wn/internal/application/note/service.go:162.17,164.4 1 0
wn/internal/application/note/service.go:165.3,165.82 1 0
wn/internal/application/note/service.go:166.8,168.3 1 0
wn/internal/application/note/service.go:170.2,170.16 1 0
wn/internal/application/note/service.go:170.16,172.3 1 0
wn/internal/application/note/service.go:174.2,174.34 1 0
wn/internal/application/note/service.go:174.34,176.3 1 0
wn/internal/application/note/service.go:177.2,177.19 1 0
wn/internal/application/note/service.go:180.149,181.120 1 0
wn/internal/application/note/service.go:181.120,184.3 2 0
wn/internal/application/note/service.go:185.2,185.75 1 0
wn/internal/application/note/service.go:188.120,189.119 1 0
wn/internal/application/note/service.go:189.119,192.3 2 0
wn/internal/application/note/service.go:194.2,195.16 2 0
wn/internal/application/note/service.go:195.16,197.3 1 0
wn/internal/application/note/service.go:199.2,200.16 2 0
wn/internal/application/note/service.go:200.16,202.3 1 0
wn/internal/application/note/service.go:204.2,208.12 2 0
wn/internal/application/note/service.go:211.110,212.119 1 0
wn/internal/application/note/service.go:212.119,215.3 2 0
wn/internal/application/note/service.go:217.2,218.16 2 0
wn/internal/application/note/service.go:218.16,220.3 1 0
wn/internal/application/note/service.go:222.2,223.16 2 0
wn/internal/application/note/service.go:223.16,225.3 1 0
wn/internal/application/note/service.go:227.2,231.12 2 0
wn/internal/application/note/service.go:234.110,235.119 1 0
wn/internal/application/note/service.go:235.119,238.3 2 0
wn/internal/application/note/service.go:240.2,241.16 2 0
wn/internal/application/note/service.go:241.16,243.3 1 0
wn/internal/application/note/service.go:245.2,246.16 2 0
wn/internal/application/note/service.go:246.16,248.3 1 0
wn/internal/application/note/service.go:250.2,254.12 2 0
wn/internal/application/note/service.go:257.100,258.115 1 0
wn/internal/application/note/service.go:258.115,261.3 2 0
wn/internal/application/note/service.go:262.2,262.121 1 0
wn/internal/application/note/service.go:262.121,265.3 2 0
wn/internal/application/note/service.go:267.2,268.16 2 0
wn/internal/application/note/service.go:268.16,270.3 1 0
wn/internal/application/note/service.go:272.2,273.16 2 0
wn/internal/application/note/service.go:273.16,275.3 1 0
wn/internal/application/note/service.go:277.2,282.12 2 0
wn/internal/application/note/service.go:285.107,287.2 1 0
wn/internal/application/note/service.go:289.94,291.16 2 0
wn/internal/application/note/service.go:291.16,293.3 1 0
wn/internal/application/note/service.go:294.2,295.28 2 0
wn/internal/application/note/service.go:295.28,296.15 1 0
wn/internal/application/note/service.go:296.15,297.12 1 0
wn/internal/application/note/service.go:299.3,299.38 1 0
wn/internal/application/note/service.go:301.2,301.23 1 0
wn/internal/domain/services/note/service.go:68.12,78.2 1 0
wn/internal/domain/services/note/service.go:80.87,82.2 1 0
wn/internal/domain/services/note/service.go:84.81,85.65 1 0
wn/internal/domain/services/note/service.go:85.65,87.17 2 0
wn/internal/domain/services/note/service.go:87.17,89.4 1 0
wn/internal/domain/services/note/service.go:90.3,91.17 2 0
wn/internal/domain/services/note/service.go:91.17,93.4 1 0
wn/internal/domain/services/note/service.go:94.3,95.17 2 0
wn/internal/domain/services/note/service.go:95.17,97.4 1 0
wn/internal/domain/services/note/service.go:98.3,98.13 1 0
wn/internal/domain/services/note/service.go:102.138,114.16 3 0
wn/internal/domain/services/note/service.go:114.16,116.3 1 0
wn/internal/domain/services/note/service.go:118.2,118.71 1 0
wn/internal/domain/services/note/service.go:118.71,120.17 2 0
wn/internal/domain/services/note/service.go:120.17,122.4 1 0
wn/internal/domain/services/note/service.go:123.3,124.17 2 0
wn/internal/domain/services/note/service.go:124.17,126.4 1 0
wn/internal/domain/services/note/service.go:127.3,127.13 1 0
wn/internal/domain/services/note/service.go:131.100,133.16 2 0
wn/internal/domain/services/note/service.go:133.16,135.3 1 0
wn/internal/domain/services/note/service.go:137.2,138.16 2 0
wn/internal/domain/services/note/service.go:138.16,140.3 1 0
wn/internal/domain/services/note/service.go:142.2,146.16 4 0
wn/internal/domain/services/note/service.go:146.16,148.3 1 0
wn/internal/domain/services/note/service.go:150.2,150.40 1 0
wn/internal/domain/services/note/service.go:153.128,156.16 2 0
wn/internal/domain/services/note/service.go:156.16,158.3 1 0
wn/internal/domain/services/note/service.go:159.2,163.16 4 0
wn/internal/domain/services/note/service.go:163.16,165.3 1 0
wn/internal/domain/services/note/service.go:167.2,168.16 2 0
wn/internal/domain/services/note/service.go:168.16,170.3 1 0
wn/internal/domain/services/note/service.go:172.2,174.29 3 0
wn/internal/domain/services/note/service.go:177.114,179.16 2 0
wn/internal/domain/services/note/service.go:179.16,181.3 1 0
wn/internal/domain/services/note/service.go:183.2,184.16 2 0
wn/internal/domain/services/note/service.go:184.16,186.3 1 0
wn/internal/domain/services/note/service.go:188.2,190.22 3 0
wn/internal/domain/services/note/service.go:193.124,196.16 2 0
wn/internal/domain/services/note/service.go:196.16,198.3 1 0
wn/internal/domain/services/note/service.go:200.2,201.16 2 0
wn/internal/domain/services/note/service.go:201.16,203.3 1 0
wn/internal/domain/services/note/service.go:205.2,207.22 3 0
wn/internal/domain/services/note/service.go:210.106,212.2 1 0
wn/internal/domain/services/note/service.go:214.87,216.2 1 0
wn/internal/domain/services/note/service.go:218.85,220.16 2 0
wn/internal/domain/services/note/service.go:220.16,222.3 1 0
wn/internal/domain/services/note/service.go:223.2,224.43 2 0
wn/internal/domain/services/note/service.go:228.107,230.16 2 0
wn/internal/domain/services/note/service.go:230.16,232.3 1 0
wn/internal/domain/services/note/service.go:234.2,235.16 2 0
wn/internal/domain/services/note/service.go:235.16,237.3 1 0
wn/internal/domain/services/note/service.go:239.2,240.22 2 0
wn/internal/domain/services/note/service.go:243.109,247.16 4 0
wn/internal/domain/services/note/service.go:247.16,252.3 1 0
wn/internal/domain/services/note/service.go:254.2,255.16 2 0
wn/internal/domain/services/note/service.go:255.16,260.3 1 0
wn/internal/domain/services/note/service.go:262.2,262.53 1 0
wn/internal/domain/services/note/service.go:262.53,267.3 1 0
wn/internal/domain/services/note/service.go:269.2,271.53 2 0
wn/internal/domain/services/note/service.go:271.53,276.3 1 0
wn/internal/domain/services/note/service.go:278.2,282.8 2 0
wn/internal/domain/services/note/service.go:285.109,289.16 4 0
wn/internal/domain/services/note/service.go:289.16,294.3 1 0
wn/internal/domain/services/note/service.go:296.2,297.16 2 0
wn/internal/domain/services/note/service.go:297.16,302.3 1 0
wn/internal/domain/services/note/service.go:304.2,305.16 2 0
wn/internal/domain/services/note/service.go:305.16,310.3 1 0
wn/internal/domain/services/note/service.go:312.2,315.8 1 0
wn/internal/domain/services/note/service.go:318.66,319.21 1 3
wn/internal/domain/services/note/service.go:319.21,321.3 1 1
wn/internal/domain/services/note/service.go:324.2,325.29 2 2
wn/internal/domain/services/note/service.go:325.29,327.3 1 4
wn/internal/domain/services/note/service.go:330.2,336.47 2 2
wn/internal/domain/services/note/service.go:336.47,337.29 1 3
wn/internal/domain/services/note/service.go:337.29,338.12 1 0
wn/internal/domain/services/note/service.go:341.3,344.37 3 3
wn/internal/domain/services/note/service.go:344.37,345.28 1 4
wn/internal/domain/services/note/service.go:345.28,346.31 1 3
wn/internal/domain/services/note/service.go:346.31,352.6 5 2
wn/internal/domain/services/note/service.go:352.11,357.6 4 1
wn/internal/domain/services/note/service.go:360.4,360.26 1 4
wn/internal/domain/services/note/service.go:364.3,364.29 1 3
wn/internal/domain/services/note/service.go:364.29,366.4 1 1
wn/internal/domain/services/note/service.go:368.3,377.4 1 3
wn/internal/domain/services/note/service.go:381.2,390.46 7 2
wn/internal/domain/services/note/service.go:390.46,396.18 4 3
wn/internal/domain/services/note/service.go:396.18,398.4 1 3
wn/internal/domain/services/note/service.go:399.3,399.19 1 3
wn/internal/domain/services/note/service.go:399.19,401.4 1 3
wn/internal/domain/services/note/service.go:403.3,404.50 2 3
wn/internal/domain/services/note/service.go:408.2,423.46 5 2
wn/internal/domain/services/note/service.go:423.46,426.18 3 3
wn/internal/domain/services/note/service.go:426.18,428.4 1 3
wn/internal/domain/services/note/service.go:429.3,429.19 1 3
wn/internal/domain/services/note/service.go:429.19,431.4 1 3
wn/internal/domain/services/note/service.go:433.3,438.5 1 3
wn/internal/domain/services/note/service.go:442.2,442.47 1 2
wn/internal/domain/services/note/service.go:442.47,445.3 1 1
wn/internal/domain/services/note/service.go:448.2,453.39 5 2
wn/internal/domain/services/note/service.go:453.39,455.39 1 3
wn/internal/domain/services/note/service.go:455.39,460.4 4 0
wn/internal/domain/services/note/service.go:463.3,467.45 3 3
wn/internal/domain/services/note/service.go:467.45,469.4 1 2
wn/internal/domain/services/note/service.go:472.3,472.45 1 3
wn/internal/domain/services/note/service.go:472.45,474.28 2 4
wn/internal/domain/services/note/service.go:474.28,480.5 2 3
wn/internal/domain/services/note/service.go:483.4,483.46 1 4
wn/internal/domain/services/note/service.go:487.3,488.25 2 3
wn/internal/domain/services/note/service.go:491.2,491.20 1 2
wn/internal/domain/services/note/service.go:494.80,495.21 1 0
wn/internal/domain/services/note/service.go:495.21,497.3 1 0
wn/internal/domain/services/note/service.go:500.2,500.29 1 0
wn/internal/domain/services/note/service.go:500.29,501.27 1 0
wn/internal/domain/services/note/service.go:501.27,506.9 5 0
wn/internal/domain/services/note/service.go:511.2,511.29 1 0
wn/internal/domain/services/note/service.go:511.29,512.27 1 0
wn/internal/domain/services/note/service.go:512.27,513.33 1 0
wn/internal/domain/services/note/service.go:513.33,515.5 1 0
wn/internal/domain/services/note/service.go:516.4,516.33 1 0
wn/internal/domain/services/note/service.go:516.33,518.5 1 0
wn/internal/domain/services/note/service.go:519.4,519.33 1 0
wn/internal/domain/services/note/service.go:519.33,521.5 1 0
wn/internal/domain/services/note/service.go:522.4,522.33 1 0
wn/internal/domain/services/note/service.go:522.33,524.5 1 0
wn/internal/domain/services/note/service.go:529.2,529.18 1 0
wn/internal/domain/services/note/service.go:529.18,531.3 1 0
wn/internal/domain/services/note/service.go:532.2,532.18 1 0
wn/internal/domain/services/note/service.go:532.18,534.3 1 0
wn/internal/domain/services/note/service.go:536.2,536.31 1 0
wn/internal/domain/services/note/service.go:539.79,552.16 3 0
wn/internal/domain/services/note/service.go:552.16,554.3 1 0
wn/internal/domain/services/note/service.go:555.2,556.26 2 0
wn/internal/domain/services/note/service.go:556.26,558.3 1 0
wn/internal/domain/services/note/service.go:559.2,559.71 1 0
wn/internal/domain/services/note/service.go:562.79,564.19 2 0
wn/internal/domain/services/note/service.go:564.19,567.17 3 0
wn/internal/domain/services/note/service.go:567.17,569.4 1 0
wn/internal/domain/services/note/service.go:570.3,570.29 1 0
wn/internal/domain/services/note/service.go:572.2,572.20 1 0
wn/internal/domain/services/note/service.go:575.110,577.19 2 0
wn/internal/domain/services/note/service.go:577.19,580.17 3 0
wn/internal/domain/services/note/service.go:580.17,582.4 1 0
wn/internal/domain/services/note/service.go:583.3,583.29 1 0
wn/internal/domain/services/note/service.go:585.2,585.20 1 0
wn/internal/domain/services/note/service.go:588.79,590.19 2 0
wn/internal/domain/services/note/service.go:590.19,593.17 3 0
wn/internal/domain/services/note/service.go:593.17,595.4 1 0
wn/internal/domain/services/note/service.go:596.3,596.29 1 0
wn/internal/domain/services/note/service.go:598.2,598.20 1 0
wn/internal/domain/services/note/util.go:11.50,13.26 2 2
wn/internal/domain/services/note/util.go:13.26,15.3 1 2
wn/internal/domain/services/note/util.go:16.2,16.12 1 2
wn/internal/domain/services/permission/service.go:35.124,41.2 1 7
wn/internal/domain/services/permission/service.go:43.115,48.2 4 1
wn/internal/domain/services/permission/service.go:50.126,52.16 2 2
wn/internal/domain/services/permission/service.go:52.16,54.3 1 0
wn/internal/domain/services/permission/service.go:55.2,55.37 1 2
wn/internal/domain/services/permission/service.go:55.37,57.3 1 1
wn/internal/domain/services/permission/service.go:59.2,63.16 2 1
wn/internal/domain/services/permission/service.go:63.16,65.3 1 0
wn/internal/domain/services/permission/service.go:67.2,67.27 1 1
wn/internal/domain/services/permission/service.go:67.27,69.3 1 0
wn/internal/domain/services/permission/service.go:70.2,70.29 1 1
wn/internal/domain/services/permission/service.go:70.29,72.3 1 1
wn/internal/domain/services/permission/service.go:73.2,73.27 1 0
wn/internal/domain/services/permission/service.go:73.27,75.3 1 0
wn/internal/domain/services/permission/service.go:77.2,77.12 1 0
wn/internal/domain/services/permission/service.go:80.124,82.16 2 2
wn/internal/domain/services/permission/service.go:82.16,84.3 1 0
wn/internal/domain/services/permission/service.go:85.2,85.25 1 2
wn/internal/domain/services/permission/service.go:85.25,87.3 1 1
wn/internal/domain/services/permission/service.go:89.2,90.16 2 1
wn/internal/domain/services/permission/service.go:90.16,92.3 1 0
wn/internal/domain/services/permission/service.go:93.2,93.25 1 1
wn/internal/domain/services/permission/service.go:93.25,95.3 1 1
wn/internal/domain/services/permission/service.go:97.2,101.16 2 0
wn/internal/domain/services/permission/service.go:101.16,103.3 1 0
wn/internal/domain/services/permission/service.go:105.2,105.27 1 0
wn/internal/domain/services/permission/service.go:105.27,107.3 1 0
wn/internal/domain/services/permission/service.go:108.2,108.29 1 0
wn/internal/domain/services/permission/service.go:108.29,110.3 1 0
wn/internal/domain/services/permission/service.go:111.2,111.27 1 0
wn/internal/domain/services/permission/service.go:111.27,113.3 1 0
wn/internal/domain/services/permission/service.go:115.2,115.12 1 0
wn/internal/domain/services/permission/service.go:118.110,122.16 2 1
wn/internal/domain/services/permission/service.go:122.16,124.3 1 0
wn/internal/domain/services/permission/service.go:126.2,127.16 2 1
wn/internal/domain/services/permission/service.go:127.16,129.3 1 0
wn/internal/domain/services/permission/service.go:131.2,132.26 2 1
wn/internal/domain/services/permission/service.go:132.26,134.3 1 2
wn/internal/domain/services/permission/service.go:135.2,137.21 2 1
wn/internal/domain/services/permission/service.go:140.106,144.16 2 1
wn/internal/domain/services/permission/service.go:144.16,146.3 1 0
wn/internal/domain/services/permission/service.go:148.2,149.16 2 1
wn/internal/domain/services/permission/service.go:149.16,151.3 1 0
wn/internal/domain/services/permission/service.go:153.2,154.26 2 1
wn/internal/domain/services/permission/service.go:154.26,156.3 1 1
wn/internal/domain/services/permission/service.go:157.2,159.21 2 1
wn/internal/domain/services/smtp/service.go:28.121,38.2 1 5
wn/internal/domain/services/smtp/service.go:53.82,62.2 2 5
wn/internal/domain/services/smtp/service.go:64.79,123.2 4 1
wn/internal/domain/services/smtp/service.go:125.73,148.2 5 1
wn/internal/domain/services/smtp/service.go:150.92,156.2 1 2
wn/internal/domain/services/smtp/service.go:158.112,160.111 2 1
wn/internal/domain/services/smtp/service.go:160.111,162.3 1 0
wn/internal/domain/services/smtp/service.go:164.2,166.12 3 1
wn/internal/domain/services/smtp/service.go:166.12,168.17 2 1
wn/internal/domain/services/smtp/service.go:168.17,170.4 1 0
wn/internal/domain/services/smtp/service.go:173.2,173.12 1 1
wn/internal/domain/services/smtp/service.go:176.112,178.16 2 3
wn/internal/domain/services/smtp/service.go:178.16,180.3 1 0
wn/internal/domain/services/smtp/service.go:181.2,181.9 1 3
wn/internal/domain/services/smtp/service.go:181.9,183.3 1 1
wn/internal/domain/services/smtp/service.go:184.2,184.29 1 2
wn/internal/domain/services/smtp/service.go:184.29,186.3 1 1
wn/internal/domain/services/smtp/service.go:187.2,187.24 1 1
wn/internal/domain/services/socket/services.go:27.48,38.2 3 4
wn/internal/domain/services/socket/services.go:41.25,42.6 1 4
wn/internal/domain/services/socket/services.go:42.6,43.10 1 10
wn/internal/domain/services/socket/services.go:44.29,46.59 2 5
wn/internal/domain/services/socket/services.go:48.31,51.61 3 0
wn/internal/domain/services/socket/services.go:53.29,54.27 1 1
wn/internal/domain/services/socket/services.go:60.78,63.15 2 0
wn/internal/domain/services/socket/services.go:63.15,65.3 1 0
wn/internal/domain/services/socket/services.go:68.2,76.12 5 0
wn/internal/domain/services/socket/services.go:76.12,77.7 1 0
wn/internal/domain/services/socket/services.go:77.7,79.18 2 0
wn/internal/domain/services/socket/services.go:79.18,82.5 2 0
wn/internal/domain/services/socket/services.go:83.4,83.22 1 0
wn/internal/domain/services/socket/services.go:88.2,88.6 1 0
wn/internal/domain/services/socket/services.go:88.6,89.10 1 0
wn/internal/domain/services/socket/services.go:91.23,93.42 1 0
wn/internal/domain/services/socket/services.go:93.42,96.5 2 0
wn/internal/domain/services/socket/services.go:97.4,97.61 1 0
wn/internal/domain/services/socket/services.go:99.29,102.18 2 0
wn/internal/domain/services/socket/services.go:102.18,104.5 1 0
wn/internal/domain/services/socket/services.go:105.4,105.27 1 0
wn/internal/domain/services/socket/services.go:105.27,106.51 1 0
wn/internal/domain/services/socket/services.go:106.51,109.6 2 0
wn/internal/domain/services/socket/services.go:112.27,115.10 2 0
wn/internal/domain/services/socket/services.go:121.110,126.13 4 2
wn/internal/domain/services/socket/services.go:126.13,128.3 1 1
wn/internal/domain/services/socket/services.go:129.2,131.36 3 1
wn/internal/domain/services/socket/services.go:135.73,139.2 3 1
wn/internal/domain/services/socket/services.go:142.53,144.2 1 1
wn/internal/domain/services/socket/services.go:147.81,149.48 2 1
wn/internal/domain/services/socket/services.go:149.48,152.3 2 1
wn/internal/domain/services/socket/services.go:153.2,153.48 1 1
wn/internal/domain/services/socket/services.go:153.48,155.3 1 1
wn/internal/domain/services/socket/services.go:156.2,156.59 1 0
wn/internal/domain/services/socket/services.go:160.60,161.56 1 1
wn/internal/domain/services/socket/services.go:161.56,162.45 1 2
wn/internal/domain/services/socket/services.go:162.45,163.41 1 2
wn/internal/domain/services/socket/services.go:163.41,165.5 1 0
wn/internal/domain/services/socket/services.go:167.3,167.14 1 2
wn/internal/domain/services/socket/services.go:178.76,184.2 1 0
wn/internal/domain/services/socket/services.go:186.46,188.2 1 0
wn/internal/domain/services/socket/services.go:190.43,192.2 1 0
wn/internal/domain/services/socket/services.go:194.59,198.2 3 0
wn/internal/domain/services/socket/services.go:200.41,205.2 1 0
wn/internal/domain/services/socket/services.go:207.66,211.2 3 0
wn/internal/domain/services/socket/services.go:213.38,215.2 1 0
wn/internal/domain/services/token/service.go:26.12,37.2 4 6
wn/internal/domain/services/token/service.go:46.120,50.16 4 7
wn/internal/domain/services/token/service.go:50.16,52.3 1 0
wn/internal/domain/services/token/service.go:53.2,54.82 2 7
wn/internal/domain/services/token/service.go:57.86,59.2 1 2
wn/internal/domain/services/token/service.go:61.125,63.16 2 4
wn/internal/domain/services/token/service.go:63.16,65.3 1 0
wn/internal/domain/services/token/service.go:67.2,72.4 1 4
wn/internal/domain/services/token/service.go:76.99,78.16 2 3
wn/internal/domain/services/token/service.go:78.16,80.3 1 0
wn/internal/domain/services/token/service.go:81.2,82.16 2 3
wn/internal/domain/services/token/service.go:82.16,84.3 1 0
wn/internal/domain/services/token/service.go:85.2,86.16 2 3
wn/internal/domain/services/token/service.go:86.16,88.3 1 0
wn/internal/domain/services/token/service.go:89.2,90.16 2 3
wn/internal/domain/services/token/service.go:90.16,92.3 1 0
wn/internal/domain/services/token/service.go:93.2,93.9 1 3
wn/internal/domain/services/token/service.go:93.9,95.3 1 1
wn/internal/domain/services/token/service.go:96.2,98.35 1 2
wn/internal/domain/services/token/service.go:98.35,100.3 1 1
wn/internal/domain/services/token/service.go:101.2,102.16 2 1
wn/internal/domain/services/token/service.go:102.16,104.3 1 0
wn/internal/domain/services/token/service.go:105.2,106.16 2 1
wn/internal/domain/services/token/service.go:106.16,108.3 1 0
wn/internal/domain/services/token/service.go:109.2,109.15 1 1
wn/internal/domain/services/token/types.go:27.84,31.21 2 8
wn/internal/domain/services/token/types.go:31.21,34.3 1 7
wn/internal/domain/services/token/types.go:36.2,37.71 1 8
wn/internal/domain/services/token/types.go:37.71,39.4 1 7
wn/internal/domain/services/token/types.go:42.2,42.16 1 8
wn/internal/domain/services/token/types.go:42.16,44.3 1 1
wn/internal/domain/services/token/types.go:46.2,47.9 2 7
wn/internal/domain/services/token/types.go:47.9,49.3 1 0
wn/internal/domain/services/token/types.go:52.2,52.21 1 7
wn/internal/domain/services/token/types.go:52.21,53.25 1 6
wn/internal/domain/services/token/types.go:53.25,55.4 1 0
wn/internal/domain/services/token/types.go:56.8,57.25 1 1
wn/internal/domain/services/token/types.go:57.25,59.4 1 0
wn/internal/domain/services/token/types.go:62.2,62.20 1 7
wn/internal/domain/services/token/types.go:65.119,77.2 3 14
wn/internal/domain/services/user/service.go:40.12,47.2 1 5
wn/internal/domain/services/user/service.go:49.128,69.2 4 1
wn/internal/domain/services/user/service.go:71.107,75.16 2 2
wn/internal/domain/services/user/service.go:75.16,77.3 1 0
wn/internal/domain/services/user/service.go:79.2,79.9 1 2
wn/internal/domain/services/user/service.go:79.9,81.3 1 1
wn/internal/domain/services/user/service.go:83.2,83.28 1 1
wn/internal/domain/services/user/service.go:83.28,86.3 2 1
wn/internal/domain/services/user/service.go:88.2,88.53 1 1
wn/internal/domain/services/user/service.go:91.108,95.16 2 0
wn/internal/domain/services/user/service.go:95.16,97.3 1 0
wn/internal/domain/services/user/service.go:99.2,99.9 1 0
wn/internal/domain/services/user/service.go:99.9,101.3 1 0
wn/internal/domain/services/user/service.go:103.2,103.20 1 0
wn/internal/domain/services/user/service.go:103.20,104.64 1 0
wn/internal/domain/services/user/service.go:104.64,106.4 1 0
wn/internal/domain/services/user/service.go:108.2,108.53 1 0
wn/internal/domain/services/user/service.go:111.107,115.16 2 2
wn/internal/domain/services/user/service.go:115.16,117.3 1 0
wn/internal/domain/services/user/service.go:119.2,119.9 1 2
wn/internal/domain/services/user/service.go:119.9,121.3 1 0
wn/internal/domain/services/user/service.go:123.2,123.20 1 2
wn/internal/domain/services/user/service.go:123.20,124.64 1 2
wn/internal/domain/services/user/service.go:124.64,126.4 1 1
wn/internal/domain/services/user/service.go:128.2,128.53 1 1
wn/internal/domain/services/user/service.go:131.66,133.2 1 2
wn/internal/domain/services/user/service.go:135.66,140.2 3 6
wn/internal/application/auth/service.go:55.12,64.2 1 6
wn/internal/application/auth/service.go:68.145,70.16 2 1
wn/internal/application/auth/service.go:70.16,72.3 1 0
wn/internal/application/auth/service.go:73.2,74.63 1 1
wn/internal/application/auth/service.go:77.93,79.16 2 3
wn/internal/application/auth/service.go:79.16,81.3 1 0
wn/internal/application/auth/service.go:82.2,83.16 2 3
wn/internal/application/auth/service.go:83.16,85.3 1 0
wn/internal/application/auth/service.go:86.2,87.21 2 3
wn/internal/application/auth/service.go:88.24,91.5 1 1
wn/internal/application/auth/service.go:92.27,93.28 1 2
wn/internal/application/auth/service.go:93.28,95.4 1 1
wn/internal/application/auth/service.go:96.3,98.5 1 1
wn/internal/application/auth/service.go:99.10,100.13 1 0
wn/internal/application/auth/service.go:104.98,106.16 2 1
wn/internal/application/auth/service.go:106.16,108.3 1 0
wn/internal/application/auth/service.go:110.2,112.33 3 1
wn/internal/application/auth/service.go:112.33,113.46 1 1
wn/internal/application/auth/service.go:113.46,115.9 2 1
wn/internal/application/auth/service.go:119.2,120.16 2 1
wn/internal/application/auth/service.go:120.16,122.3 1 0
wn/internal/application/auth/service.go:123.2,127.8 1 1
wn/internal/application/auth/service.go:130.105,132.2 1 1
wn/internal/application/file/application.go:28.12,34.2 1 1
wn/internal/application/file/application.go:36.144,38.16 2 1
wn/internal/application/file/application.go:38.16,40.3 1 0
wn/internal/application/file/application.go:41.2,43.8 1 1
wn/internal/application/layout/application.go:47.12,55.2 1 2
wn/internal/application/layout/application.go:57.118,59.16 2 1
wn/internal/application/layout/application.go:59.16,61.3 1 0
wn/internal/application/layout/application.go:62.2,62.16 1 1
wn/internal/application/layout/application.go:65.101,67.2 1 1
wn/internal/application/layout/application.go:69.104,70.119 1 0
wn/internal/application/layout/application.go:70.119,73.3 2 0
wn/internal/application/layout/application.go:75.2,76.16 2 0
wn/internal/application/layout/application.go:76.16,78.3 1 0
wn/internal/application/layout/application.go:80.2,81.16 2 0
wn/internal/application/layout/application.go:81.16,83.3 1 0
wn/internal/application/layout/application.go:85.2,89.12 2 0
wn/internal/application/layout/application.go:92.101,93.119 1 0
wn/internal/application/layout/application.go:93.119,96.3 2 0
wn/internal/application/layout/application.go:98.2,99.16 2 0
wn/internal/application/layout/application.go:99.16,101.3 1 0
wn/internal/application/layout/application.go:102.2,103.16 2 0
wn/internal/application/layout/application.go:103.16,105.3 1 0
wn/internal/application/layout/application.go:107.2,111.12 2 0
wn/internal/application/layout/application.go:114.105,116.2 1 0
wn/internal/application/layout/application.go:118.108,120.2 1 0
wn/internal/application/permissions/application.go:67.16,77.2 1 5
wn/internal/application/permissions/application.go:79.174,81.120 1 1
wn/internal/application/permissions/application.go:81.120,83.3 1 0
wn/internal/application/permissions/application.go:85.2,87.13 3 1
wn/internal/application/permissions/application.go:87.13,89.3 1 1
wn/internal/application/permissions/application.go:91.2,98.27 1 0
wn/internal/application/permissions/application.go:98.27,100.3 1 0
wn/internal/application/permissions/application.go:102.2,104.8 1 0
wn/internal/application/permissions/application.go:107.125,110.16 2 2
wn/internal/application/permissions/application.go:110.16,112.3 1 0
wn/internal/application/permissions/application.go:114.2,114.9 1 2
wn/internal/application/permissions/application.go:114.9,116.3 1 0
wn/internal/application/permissions/application.go:118.2,118.31 1 2
wn/internal/application/permissions/application.go:118.31,120.3 1 1
wn/internal/application/permissions/application.go:122.2,126.51 2 1
wn/internal/application/permissions/application.go:126.51,128.3 1 0
wn/internal/application/permissions/application.go:130.2,130.17 1 1
wn/internal/application/permissions/application.go:130.17,132.3 1 1
wn/internal/application/permissions/application.go:134.2,143.4 1 0
wn/internal/application/permissions/application.go:146.123,150.16 2 1
wn/internal/application/permissions/application.go:150.16,152.3 1 0
wn/internal/application/permissions/application.go:154.2,157.16 2 1
wn/internal/application/permissions/application.go:157.16,159.3 1 0
wn/internal/application/permissions/application.go:161.2,162.24 2 1
wn/internal/application/permissions/application.go:162.24,164.3 1 1
wn/internal/application/permissions/application.go:166.2,167.26 2 1
wn/internal/application/permissions/application.go:167.26,169.3 1 1
wn/internal/application/permissions/application.go:171.2,174.8 1 1
wn/internal/application/permissions/application.go:177.122,181.16 2 1
wn/internal/application/permissions/application.go:181.16,183.3 1 0
wn/internal/application/permissions/application.go:185.2,185.73 1 1
wn/internal/application/permissions/application.go:185.73,187.3 1 1
wn/internal/application/permissions/application.go:189.2,189.75 1 0
wn/internal/application/permissions/application.go:192.121,196.16 2 0
wn/internal/application/permissions/application.go:196.16,198.3 1 0
wn/internal/application/permissions/application.go:199.2,199.37 1 0
wn/internal/application/permissions/application.go:199.37,201.3 1 0
wn/internal/application/permissions/application.go:203.2,205.69 2 0
wn/internal/application/user/service.go:43.12,51.2 1 2
wn/internal/application/user/service.go:54.123,57.67 3 1
wn/internal/application/user/service.go:57.67,59.17 2 1
wn/internal/application/user/service.go:59.17,61.4 1 0
wn/internal/application/user/service.go:62.3,62.17 1 1
wn/internal/application/user/service.go:62.17,64.4 1 0
wn/internal/application/user/service.go:65.3,66.13 2 1
wn/internal/application/user/service.go:67.17,69.3 1 0
wn/internal/application/user/service.go:71.2,73.8 1 1
wn/internal/application/user/service.go:76.142,78.16 2 0
wn/internal/application/user/service.go:78.16,80.3 1 0
wn/internal/application/user/service.go:81.2,86.8 2 0
wn/internal/application/user/service.go:89.104,91.16 2 1
wn/internal/application/user/service.go:91.16,93.3 1 0
wn/internal/application/user/service.go:94.2,95.15 2 1
wn/internal/infrastructure/repository/common/common.go:9.34,13.2 2 3
wn/internal/endpoint/controller/http/kernel.go:31.11,41.2 1 0
wn/internal/endpoint/controller/http/kernel.go:43.37,55.47 7 0
wn/internal/endpoint/controller/http/kernel.go:55.47,57.3 1 0
wn/internal/endpoint/controller/http/kernel.go:59.2,68.15 3 0
wn/internal/endpoint/controller/http/kernel.go:71.62,73.2 1 0
wn/internal/endpoint/controller/http/middleware.go:27.41,28.30 1 1
wn/internal/endpoint/controller/http/middleware.go:28.30,33.3 3 1
wn/internal/endpoint/controller/http/middleware.go:36.49,38.16 2 2
wn/internal/endpoint/controller/http/middleware.go:38.16,42.3 2 1
wn/internal/endpoint/controller/http/middleware.go:46.45,47.30 1 2
wn/internal/endpoint/controller/http/middleware.go:47.30,51.56 3 2
wn/internal/endpoint/controller/http/middleware.go:51.56,55.4 3 1
wn/internal/endpoint/controller/http/middleware.go:57.3,58.17 2 1
wn/internal/endpoint/controller/http/middleware.go:58.17,62.4 3 0
wn/internal/endpoint/controller/http/middleware.go:63.3,67.41 4 1
wn/internal/endpoint/controller/http/middleware.go:71.86,73.30 1 0
wn/internal/endpoint/controller/http/middleware.go:73.30,86.25 5 0
wn/internal/endpoint/controller/http/middleware.go:86.25,93.4 6 0
wn/internal/endpoint/controller/http/middleware.go:95.3,97.24 2 0
wn/internal/endpoint/controller/http/middleware.go:97.24,100.39 2 0
wn/internal/endpoint/controller/http/middleware.go:100.39,102.5 1 0
wn/internal/endpoint/controller/http/middleware.go:103.4,103.26 1 0
wn/internal/endpoint/controller/http/middleware.go:103.26,107.5 2 0
wn/internal/endpoint/controller/http/middleware.go:112.62,113.30 1 1
wn/internal/endpoint/controller/http/middleware.go:113.30,116.25 2 1
wn/internal/endpoint/controller/http/middleware.go:116.25,118.4 1 0
wn/internal/endpoint/controller/http/middleware.go:120.3,123.9 4 1
wn/internal/endpoint/controller/http/middleware.go:123.9,125.4 1 1
wn/internal/endpoint/controller/http/middleware.go:125.9,127.4 1 0
wn/internal/endpoint/controller/http/middleware.go:128.3,128.119 1 1
wn/internal/endpoint/controller/http/middleware.go:132.36,136.45 1 0
wn/internal/endpoint/controller/http/middleware.go:136.45,138.4 1 0
wn/pkg/apperror/apperror.go:29.35,31.2 1 1
wn/pkg/apperror/apperror.go:33.35,33.51 1 1
wn/pkg/apperror/apperror.go:35.37,38.2 2 1
wn/pkg/apperror/apperror.go:40.52,43.2 2 1
wn/pkg/apperror/apperror.go:45.55,50.2 1 2
wn/pkg/apperror/apperror.go:52.44,54.2 1 2
wn/pkg/apperror/apperror.go:56.57,58.2 1 3
wn/pkg/apperror/apperror.go:60.55,62.2 1 3
wn/pkg/apperror/apperror.go:64.59,66.2 1 2
wn/pkg/apperror/apperror.go:68.55,70.2 1 2
wn/pkg/apperror/apperror.go:72.58,74.2 1 2
wn/pkg/apperror/apperror.go:76.59,78.2 1 2
wn/pkg/apperror/http.go:9.67,10.16 1 7
wn/pkg/apperror/http.go:11.29,12.43 1 1
wn/pkg/apperror/http.go:13.31,14.45 1 1
wn/pkg/apperror/http.go:15.28,16.45 1 1
wn/pkg/apperror/http.go:17.27,18.41 1 1
wn/pkg/apperror/http.go:19.23,20.41 1 1
wn/pkg/apperror/http.go:21.38,22.44 1 1
wn/pkg/apperror/http.go:23.10,24.47 1 1
wn/pkg/apperror/http.go:28.52,30.17 2 8
wn/pkg/apperror/http.go:31.25,32.32 1 1
wn/pkg/apperror/http.go:33.24,34.42 1 1
wn/pkg/apperror/http.go:35.21,36.31 1 1
wn/pkg/apperror/http.go:37.21,38.27 1 1
wn/pkg/apperror/http.go:39.25,40.35 1 1
wn/pkg/apperror/http.go:41.23,42.33 1 1
wn/pkg/apperror/http.go:44.2,44.15 1 8
wn/pkg/response/response.go:32.52,34.2 1 6
wn/pkg/response/response.go:36.110,38.46 2 2
wn/pkg/response/response.go:38.46,40.3 1 1
wn/pkg/response/response.go:41.2,47.20 2 2
wn/pkg/response/response.go:47.20,49.3 1 1
wn/pkg/response/response.go:51.2,51.27 1 2
wn/pkg/response/response.go:54.117,62.2 3 1
wn/pkg/response/response.go:64.92,66.2 1 1
wn/pkg/response/response.go:68.79,70.2 1 2
wn/pkg/response/response.go:72.60,75.46 2 4
wn/pkg/response/response.go:75.46,77.3 1 3
wn/pkg/response/response.go:79.2,86.3 2 4
wn/pkg/token/token_helper.go:17.75,20.16 3 2
wn/pkg/token/token_helper.go:20.16,22.3 1 1
wn/pkg/token/token_helper.go:23.2,23.45 1 1
wn/pkg/token/token_helper.go:23.45,25.3 1 0
wn/pkg/token/token_helper.go:26.2,27.9 2 1
wn/pkg/token/token_helper.go:27.9,29.3 1 0
wn/pkg/token/token_helper.go:30.2,30.20 1 1
wn/pkg/token/token_helper.go:33.47,35.2 1 1
wn/pkg/token/token_helper.go:37.48,39.2 1 1
wn/pkg/token/token_helper.go:41.46,43.2 1 1
wn/pkg/token/token_helper.go:45.54,47.2 1 1
wn/pkg/util/ctx.go:11.53,13.2 1 3
wn/pkg/util/ctx.go:15.54,17.16 2 2
wn/pkg/util/ctx.go:17.16,19.3 1 1
wn/pkg/util/ctx.go:20.2,20.17 1 1
wn/pkg/util/ctx.go:23.80,25.27 2 1
wn/pkg/util/ctx.go:25.27,26.50 1 3
wn/pkg/util/ctx.go:26.50,28.4 1 2
wn/pkg/util/ctx.go:30.2,30.15 1 1
wn/pkg/util/ctx.go:33.54,35.16 2 2
wn/pkg/util/ctx.go:35.16,37.3 1 0
wn/pkg/util/ctx.go:38.2,38.16 1 2
wn/pkg/util/ctx.go:41.50,43.16 2 2
wn/pkg/util/ctx.go:43.16,45.3 1 1
wn/pkg/util/ctx.go:46.2,46.16 1 1
wn/pkg/util/ctx.go:49.49,51.16 2 1
wn/pkg/util/ctx.go:51.16,53.3 1 0
wn/pkg/util/ctx.go:54.2,54.16 1 1
wn/pkg/util/ctx.go:57.78,59.9 2 11
wn/pkg/util/ctx.go:59.9,61.3 1 2
wn/pkg/util/ctx.go:62.2,62.17 1 9
wn/pkg/util/ctx.go:65.80,67.16 2 3
wn/pkg/util/ctx.go:67.16,69.3 1 0
wn/pkg/util/ctx.go:70.2,71.16 2 3
wn/pkg/util/ctx.go:71.16,73.3 1 1
wn/pkg/util/ctx.go:74.2,74.17 1 2
wn/pkg/util/hexadecimal.go:9.43,12.19 3 5
wn/pkg/util/hexadecimal.go:12.19,14.3 1 3
wn/pkg/util/hexadecimal.go:15.2,15.20 1 5
wn/pkg/util/hexadecimal.go:18.33,21.2 2 7
wn/pkg/util/mask.go:11.50,13.27 2 2
wn/pkg/util/mask.go:13.27,15.3 1 4
wn/pkg/util/mask.go:17.2,17.42 1 2
wn/pkg/util/mask.go:17.42,18.51 1 4
wn/pkg/util/mask.go:18.51,20.4 1 2
wn/pkg/util/mask.go:23.2,23.22 1 2
wn/pkg/util/mask.go:26.36,27.18 1 11
wn/pkg/util/mask.go:27.18,29.3 1 1
wn/pkg/util/mask.go:29.8,29.25 1 10
wn/pkg/util/mask.go:29.25,31.3 1 2
wn/pkg/util/mask.go:31.8,31.25 1 8
wn/pkg/util/mask.go:31.25,33.3 1 2
wn/pkg/util/mask.go:33.8,33.26 1 6
wn/pkg/util/mask.go:33.26,35.3 1 1
wn/pkg/util/mask.go:35.8,35.26 1 5
wn/pkg/util/mask.go:35.26,37.3 1 1
wn/pkg/util/mask.go:38.2,38.43 1 4
wn/pkg/util/pagination.go:7.36,9.2 1 3
wn/pkg/util/pagination.go:11.27,13.2 1 1
wn/pkg/util/password.go:12.46,14.19 2 8
wn/pkg/util/password.go:14.19,16.3 1 333
wn/pkg/util/password.go:17.2,17.18 1 8
wn/pkg/util/time.go:8.36,10.2 1 1
wn/pkg/util/time.go:12.36,14.2 1 2
wn/pkg/util/time.go:16.62,18.16 2 2
wn/pkg/util/time.go:18.16,20.3 1 1
wn/pkg/util/time.go:21.2,21.16 1 1
wn/pkg/util/uuid.go:7.26,9.2 1 2
wn/pkg/util/uuid.go:11.41,13.2 1 3
wn/pkg/util/uuid.go:15.51,17.2 1 5
wn/pkg/restclient/client.go:28.62,30.16 2 0
wn/pkg/restclient/client.go:30.16,32.3 1 0
wn/pkg/restclient/client.go:34.2,35.16 2 0
wn/pkg/restclient/client.go:35.16,37.3 1 0
wn/pkg/restclient/client.go:38.2,51.11 4 0
wn/pkg/restclient/client.go:54.94,64.2 2 1
wn/pkg/restclient/client.go:66.92,68.26 2 1
wn/pkg/restclient/client.go:68.26,69.25 1 0
wn/pkg/restclient/client.go:69.25,71.23 2 0
wn/pkg/restclient/client.go:71.23,73.19 2 0
wn/pkg/restclient/client.go:73.19,75.6 1 0
wn/pkg/restclient/client.go:76.5,77.51 2 0
wn/pkg/restclient/client.go:80.4,82.45 2 0
wn/pkg/restclient/client.go:83.9,85.4 1 0
wn/pkg/restclient/client.go:88.2,89.16 2 1
wn/pkg/restclient/client.go:89.16,91.3 1 0
wn/pkg/restclient/client.go:92.2,94.16 3 1
wn/pkg/restclient/client.go:94.16,96.3 1 0
wn/pkg/restclient/client.go:98.2,98.26 1 1
wn/pkg/restclient/client.go:98.26,99.25 1 0
wn/pkg/restclient/client.go:99.25,101.4 1 0
wn/pkg/restclient/client.go:101.9,103.4 1 0
wn/pkg/restclient/client.go:106.2,106.38 1 1
wn/pkg/restclient/client.go:109.46,111.2 1 2
wn/pkg/cron/cron.go:9.22,13.2 1 3
wn/pkg/cron/cron.go:15.55,18.2 2 2
wn/pkg/cron/cron.go:20.24,22.2 1 1
wn/pkg/cron/cron.go:24.23,26.2 1 1
wn/pkg/database/postgres/context.go:11.42,13.2 1 2
wn/pkg/database/postgres/context.go:17.84,19.2 1 1
wn/pkg/database/postgres/context.go:21.65,22.47 1 2
wn/pkg/database/postgres/context.go:22.47,24.3 1 0
wn/pkg/database/postgres/context.go:25.2,25.12 1 2
wn/pkg/database/postgres/db.go:35.105,43.2 1 0
wn/pkg/database/postgres/db.go:45.92,55.2 2 0
wn/pkg/database/postgres/db.go:57.53,66.27 2 0
wn/pkg/database/postgres/db.go:66.27,68.3 1 0
wn/pkg/database/postgres/db.go:69.2,70.16 2 0
wn/pkg/database/postgres/db.go:70.16,72.3 1 0
wn/pkg/database/postgres/db.go:73.2,79.26 6 0
wn/pkg/database/postgres/db.go:79.26,81.17 2 0
wn/pkg/database/postgres/db.go:81.17,84.9 3 0
wn/pkg/database/postgres/db.go:87.3,91.20 3 0
wn/pkg/database/postgres/db.go:94.2,94.16 1 0
wn/pkg/database/postgres/db.go:94.16,96.3 1 0
wn/pkg/database/postgres/db.go:97.2,97.16 1 0
wn/pkg/database/postgres/db.go:100.24,101.19 1 0
wn/pkg/database/postgres/db.go:101.19,103.3 1 0
wn/pkg/database/postgres/db.go:106.76,107.25 1 0
wn/pkg/database/postgres/db.go:107.25,109.3 1 0
wn/pkg/database/postgres/db.go:110.2,110.10 1 0
wn/pkg/database/postgres/db.go:113.99,114.25 1 0
wn/pkg/database/postgres/db.go:114.25,115.51 1 0
wn/pkg/database/postgres/db.go:115.51,117.4 1 0
wn/pkg/database/postgres/db.go:119.2,119.44 1 0
wn/pkg/database/postgres/db.go:122.84,123.25 1 0
wn/pkg/database/postgres/db.go:123.25,124.51 1 0
wn/pkg/database/postgres/db.go:124.51,126.4 1 0
wn/pkg/database/postgres/db.go:128.2,128.48 1 0
wn/pkg/database/postgres/db.go:131.91,132.25 1 0
wn/pkg/database/postgres/db.go:132.25,133.51 1 0
wn/pkg/database/postgres/db.go:133.51,135.4 1 0
wn/pkg/database/postgres/db.go:137.2,137.45 1 0
wn/pkg/database/postgres/metrics.go:57.71,58.23 1 0
wn/pkg/database/postgres/metrics.go:58.23,60.3 1 0
wn/pkg/database/postgres/metrics.go:61.2,61.33 1 0
wn/pkg/database/postgres/metrics.go:68.71,120.2 1 0
wn/pkg/database/postgres/metrics.go:123.58,125.2 1 0
wn/pkg/database/postgres/metrics.go:128.63,190.2 13 0
wn/pkg/database/postgres/metrics.go:198.46,200.2 1 0
wn/pkg/database/postgres/metrics.go:201.49,203.2 1 0
wn/pkg/database/postgres/metrics.go:204.47,206.2 1 0
wn/pkg/database/postgres/metrics.go:207.54,209.2 1 0
wn/pkg/database/postgres/metrics.go:210.51,212.2 1 0
wn/pkg/database/postgres/metrics.go:213.51,215.2 1 0
wn/pkg/database/postgres/metrics.go:216.43,218.2 1 0
wn/pkg/database/postgres/metrics.go:219.42,221.2 1 0
wn/pkg/database/postgres/metrics.go:222.44,224.2 1 0
wn/pkg/database/postgres/metrics.go:225.47,227.2 1 0
wn/pkg/database/postgres/metrics.go:228.57,230.2 1 0
wn/pkg/database/postgres/metrics.go:231.53,233.2 1 0
wn/pkg/database/postgres/options.go:9.35,10.23 1 0
wn/pkg/database/postgres/options.go:10.23,12.3 1 0
wn/pkg/database/postgres/options.go:16.35,17.23 1 0
wn/pkg/database/postgres/options.go:17.23,19.3 1 0
wn/pkg/database/postgres/options.go:23.56,24.23 1 0
wn/pkg/database/postgres/options.go:24.23,26.3 1 0
wn/pkg/database/postgres/options.go:30.56,31.23 1 0
wn/pkg/database/postgres/options.go:31.23,33.3 1 0
wn/pkg/database/postgres/options.go:37.64,38.23 1 0
wn/pkg/database/postgres/options.go:38.23,40.3 1 0
wn/pkg/database/postgres/options.go:44.40,45.23 1 0
wn/pkg/database/postgres/options.go:45.23,47.3 1 0
wn/pkg/database/postgres/options.go:51.48,52.23 1 0
wn/pkg/database/postgres/options.go:52.23,54.3 1 0
wn/pkg/database/postgres/transaction.go:13.90,18.2 1 0
wn/pkg/database/postgres/transaction.go:20.111,22.15 2 0
wn/pkg/database/postgres/transaction.go:22.15,24.3 1 0
wn/pkg/database/postgres/transaction.go:25.2,26.16 2 0
wn/pkg/database/postgres/transaction.go:26.16,28.3 1 0
wn/pkg/database/postgres/transaction.go:29.2,31.63 2 0
wn/pkg/database/postgres/transaction.go:31.63,32.58 1 0
wn/pkg/database/postgres/transaction.go:32.58,34.4 1 0
wn/pkg/database/postgres/transaction.go:35.3,35.13 1 0
wn/pkg/database/postgres/transaction.go:38.2,38.51 1 0
wn/pkg/database/postgres/transaction.go:38.51,40.3 1 0
wn/pkg/database/postgres/transaction.go:41.2,41.12 1 0
wn/config/config.go:94.51,97.43 2 1
wn/config/config.go:97.43,98.47 1 0
wn/config/config.go:98.47,100.4 1 0
wn/config/config.go:103.2,103.57 1 1
wn/config/config.go:103.57,104.47 1 0
wn/config/config.go:104.47,106.4 1 0
wn/config/config.go:109.2,110.16 2 1
wn/config/config.go:110.16,112.3 1 0
wn/config/config.go:114.2,115.16 2 1
wn/config/config.go:115.16,117.3 1 0
wn/config/config.go:119.2,119.17 1 1
